// Jest Snapshot v1, https://goo.gl/fbAQLP

exports[`should render Loading correctly 1`] = `
<div
  className="loading"
>
  <img
    alt="loading..."
    src="test-file-stub"
  />
</div>
`;
